Executing action: monitor
Running idf_monitor in directory /home/t70n/Documents/Corto-Densimeter/Espressif
Executing "/home/t70n/.espressif/python_env/idf5.5_py3.12_env/bin/python /home/t70n/esp/v5.5.1/esp-idf/tools/idf_monitor.py -p /dev/ttyACM0 -b 115200 --toolchain-prefix riscv32-esp-elf- --target esp32c6 --revision 0 --decode-panic backtrace /home/t70n/Documents/Corto-Densimeter/Espressif/build/Espressif.elf /home/t70n/Documents/Corto-Densimeter/Espressif/build/bootloader/bootloader.elf -m '/home/t70n/.espressif/python_env/idf5.5_py3.12_env/bin/python' '/home/t70n/esp/v5.5.1/esp-idf/tools/idf.py' '-p' '/dev/ttyACM0'"...
ESP-ROM:esp32c6-20220919
Build:Sep 19 2022
rst:0x15 (USB_UART_HPSYS),boot:0xc (SPI_FAST_FLASH_BOOT)
Saved PC:0x40802954
SPIWP:0xee
mode:DIO, clock div:2
load:0x40875730,len:0x1744
load:0x4086b910,len:0xe78
load:0x4086e610,len:0x31c8
entry 0x4086b91a
[0;32mI (23) boot: ESP-IDF v5.5.1-dirty 2nd stage bootloader[0m
[0;32mI (23) boot: compile time Oct 15 2025 18:17:57[0m
[0;32mI (24) boot: chip revision: v0.2[0m
[0;32mI (24) boot: efuse block revision: v0.3[0m
[0;32mI (27) boot.esp32c6: SPI Speed      : 80MHz[0m
[0;32mI (31) boot.esp32c6: SPI Mode       : DIO[0m
[0;32mI (34) boot.esp32c6: SPI Flash Size : 2MB[0m
[0;32mI (38) boot: Enabling RNG early entropy source...[0m
[0;32mI (43) boot: Partition Table:[0m
[0;32mI (45) boot: ## Label            Usage          Type ST Offset   Length[0m
[0;32mI (52) boot:  0 nvs              WiFi data        01 02 00009000 00006000[0m
[0;32mI (58) boot:  1 phy_init         RF data          01 01 0000f000 00001000[0m
[0;32mI (65) boot:  2 factory          factory app      00 00 00010000 00100000[0m
[0;32mI (71) boot: End of partition table[0m
[0;32mI (75) esp_image: segment 0: paddr=00010020 vaddr=42018020 size=07a64h ( 31332) map[0m
[0;32mI (88) esp_image: segment 1: paddr=00017a8c vaddr=40800000 size=0058ch (  1420) load[0m
[0;32mI (90) esp_image: segment 2: paddr=00018020 vaddr=42000020 size=11454h ( 70740) map[0m
[0;32mI (110) esp_image: segment 3: paddr=0002947c vaddr=4080058c size=0a988h ( 43400) load[0m
[0;32mI (120) esp_image: segment 4: paddr=00033e0c vaddr=4080af20 size=015d4h (  5588) load[0m
[0;32mI (125) boot: Loaded app from partition at offset 0x10000[0m
[0;32mI (125) boot: Disabling RNG early entropy source...[0m
[0;32mI (138) cpu_start: Unicore app[0m
[0;32mI (146) cpu_start: Pro cpu start user code[0m
[0;32mI (147) cpu_start: cpu freq: 160000000 Hz[0m
[0;32mI (147) app_init: Application information:[0m
[0;32mI (147) app_init: Project name:     Espressif[0m
[0;32mI (151) app_init: App version:      12c14e0-dirty[0m
[0;32mI (155) app_init: Compile time:     Oct 15 2025 18:17:32[0m
[0;32mI (160) app_init: ELF file SHA256:  5d74062d8...[0m
[0;32mI (164) app_init: ESP-IDF:          v5.5.1-dirty[0m
[0;32mI (169) efuse_init: Min chip rev:     v0.0[0m
[0;32mI (173) efuse_init: Max chip rev:     v0.99 [0m
[0;32mI (176) efuse_init: Chip rev:         v0.2[0m
[0;32mI (180) heap_init: Initializing. RAM available for dynamic allocation:[0m
[0;32mI (187) heap_init: At 4080D3F0 len 0006F220 (444 KiB): RAM[0m
[0;32mI (192) heap_init: At 4087C610 len 00002F54 (11 KiB): RAM[0m
[0;32mI (197) heap_init: At 50000000 len 00003FE8 (15 KiB): RTCRAM[0m
[0;32mI (203) spi_flash: detected chip: generic[0m
[0;32mI (206) spi_flash: flash io: dio[0m
[0;33mW (209) spi_flash: Detected size(4096k) larger than the size in the binary image header(2048k). Using the size in the binary image header.[0m
[0;32mI (221) sleep_gpio: Configure to isolate all GPIO pins in sleep state[0m
[0;32mI (227) sleep_gpio: Enable automatic switching of GPIO sleep configuration[0m
[0;32mI (234) main_task: Started on CPU0[0m
[0;32mI (234) main_task: Calling app_main()[0m
[1;31mE (2234) i2c.master: I2C transaction unexpected nack detected[0m
[1;31mE (2234) i2c.master: s_i2c_synchronous_transaction(945): I2C transaction failed[0m
[1;31mE (2234) i2c.master: i2c_master_multi_buffer_transmit(1214): I2C transaction failed[0m
[1;31mE (2234) MPU6050: Failed to send register address: ESP_ERR_INVALID_STATE[0m

Scanning I2C bus...
Device found at address: 0x01
Device found at address: 0x02
Device found at address: 0x03
Device found at address: 0x04
Device found at address: 0x05
Device found at address: 0x06
Device found at address: 0x07
Device found at address: 0x08
Device found at address: 0x09
Device found at address: 0x0A
Device found at address: 0x0B
Device found at address: 0x0C
Device found at address: 0x0D
Device found at address: 0x0E
Device found at address: 0x0F
Device found at address: 0x10
Device found at address: 0x11
Device found at address: 0x12
Device found at address: 0x13
Device found at address: 0x14
Device found at address: 0x15
Device found at address: 0x16
Device found at address: 0x17
Device found at address: 0x18
Device found at address: 0x19
Device found at address: 0x1A
Device found at address: 0x1B
Device found at address: 0x1C
Device found at address: 0x1D
Device found at address: 0x1E
Device found at address: 0x1F
Device found at address: 0x20
Device found at address: 0x21
Device found at address: 0x22
Device found at address: 0x23
Device found at address: 0x24
Device found at address: 0x25
Device found at address: 0x26
Device found at address: 0x27
Device found at address: 0x28
Device found at address: 0x29
Device found at address: 0x2A
Device found at address: 0x2B
Device found at address: 0x2C
Device found at address: 0x2D
Device found at address: 0x2E
Device found at address: 0x2F
Device found at address: 0x30
Device found at address: 0x31
Device found at address: 0x32
Device found at address: 0x33
Device found at address: 0x34
Device found at address: 0x35
Device found at address: 0x36
Device found at address: 0x37
Device found at address: 0x38
Device found at address: 0x39
Device found at address: 0x3A
Device found at address: 0x3B
Device found at address: 0x3C
Device found at address: 0x3D
Device found at address: 0x3E
Device found at address: 0x3F
Device found at address: 0x40
Device found at address: 0x41
Device found at address: 0x42
Device found at address: 0x43
Device found at address: 0x44
Device found at address: 0x45
Device found at address: 0x46
Device found at address: 0x47
Device found at address: 0x48
Device found at address: 0x49
Device found at address: 0x4A
Device found at address: 0x4B
Device found at address: 0x4C
Device found at address: 0x4D
Device found at address: 0x4E
Device found at address: 0x4F
Device found at address: 0x50
Device found at address: 0x51
Device found at address: 0x52
Device found at address: 0x53
Device found at address: 0x54
Device found at address: 0x55
Device found at address: 0x56
Device found at address: 0x57
Device found at address: 0x58
Device found at address: 0x59
Device found at address: 0x5A
Device found at address: 0x5B
Device found at address: 0x5C
Device found at address: 0x5D
Device found at address: 0x5E
Device found at address: 0x5F
Device found at address: 0x60
Device found at address: 0x61
Device found at address: 0x62
Device found at address: 0x63
Device found at address: 0x64
Device found at address: 0x65
Device found at address: 0x66
Device found at address: 0x67
Device found at address: 0x68
Device found at address: 0x69
Device found at address: 0x6A
Device found at address: 0x6B
Device found at address: 0x6C
Device found at address: 0x6D
Device found at address: 0x6E
Device found at address: 0x6F
Device found at address: 0x70
Device found at address: 0x71
Device found at address: 0x72
Device found at address: 0x73
Device found at address: 0x74
Device found at address: 0x75
Device found at address: 0x76
Device found at address: 0x77
Device found at address: 0x78
Device found at address: 0x79
Device found at address: 0x7A
Device found at address: 0x7B
Device found at address: 0x7C
Device found at address: 0x7D
Device found at address: 0x7E
[1;31mE (2674) i2c.master: I2C transaction unexpected nack detected[0m
[1;31mE (2674) i2c.master: s_i2c_synchronous_transaction(945): I2C transaction failed[0m
[1;31mE (2684) i2c.master: i2c_master_transmit_receive(1248): I2C transaction failed[0m
[1;31mE (2684) MPU6050: Failed to read I2C data: ESP_ERR_INVALID_STATE[0m
[1;31mE (3794) i2c.master: I2C transaction unexpected nack detected[0m
[1;31mE (3794) i2c.master: s_i2c_synchronous_transaction(945): I2C transaction failed[0m
[1;31mE (3794) i2c.master: i2c_master_transmit_receive(1248): I2C transaction failed[0m
[1;31mE (3794) MPU6050: Failed to read I2C data: ESP_ERR_INVALID_STATE[0m
[1;31mE (4904) i2c.master: I2C transaction unexpected nack detected[0m
[1;31mE (4904) i2c.master: s_i2c_synchronous_transaction(945): I2C transaction failed[0m
[1;31mE (4904) i2c.master: i2c_master_transmit_receive(1248): I2C transaction failed[0m
[1;31mE (4904) MPU6050: Failed to read I2C data: ESP_ERR_INVALID_STATE[0m
[1;31mE (6014) i2c.master: I2C transaction unexpected nack detected[0m
[1;31mE (6014) i2c.master: s_i2c_synchronous_transaction(945): I2C transaction failed[0m
[1;31mE (6014) i2c.master: i2c_master_transmit_receive(1248): I2C transaction failed[0m
[1;31mE (6014) MPU6050: Failed to read I2C data: ESP_ERR_INVALID_STATE[0m
[1;31mE (7124) i2c.master: I2C transaction unexpected nack detected[0m
[1;31mE (7124) i2c.master: s_i2c_synchronous_transaction(945): I2C transaction failed[0m
[1;31mE (7124) i2c.master: i2c_master_transmit_receive(1248): I2C transaction failed[0m
[1;31mE (7124) MPU6050: Failed to read I2C data: ESP_ERR_INVALID_STATE[0m
